// Jest Snapshot v1, https://goo.gl/fbAQLP

exports[`Component: Home should match its empty snapshot 1`] = `
<table
  border="0"
  style={
    Object {
      "borderCollapse": "collapse",
    }
  }
  width="100%"
>
  <tbody>
    <tr>
      <td
        style={
          Object {
            "width": "250px",
          }
        }
      >
        <div
          className="u3"
        >
          <table
            border="1"
            cellPadding="5"
            cellSpacing="0"
            style={
              Object {
                "border": "1px solid #345db5",
                "borderCollapse": "collapse",
                "width": "100%",
              }
            }
          >
            <tbody>
              <tr
                style={
                  Object {
                    "backgroundColor": "#345db5",
                  }
                }
              >
                <td
                  style={
                    Object {
                      "color": "#fff",
                      "fontSize": "12px",
                      "fontWeight": "bold",
                      "paddingLeft": "10px",
                    }
                  }
                >
                  Programs
                </td>
              </tr>
              <tr>
                <td>
                  <div
                    className="u3TabContent"
                  >
                    <ul
                      style={
                        Object {
                          "listStyle": "none",
                          "margin": "0px",
                          "padding": "0px",
                          "width": "100%",
                        }
                      }
                    />
                  </div>
                </td>
              </tr>
            </tbody>
          </table>
        </div>
      </td>
      <td
        style={
          Object {
            "verticalAlign": "top",
          }
        }
      >
        <div
          className="u4"
        >
          <table
            border="1"
            cellPadding="5"
            cellSpacing="0"
            style={
              Object {
                "border": "1px solid #345db5",
                "borderCollapse": "collapse",
                "width": "100%",
              }
            }
          >
            <tbody>
              <tr
                style={
                  Object {
                    "backgroundColor": "#345db5",
                  }
                }
              >
                <td
                  style={
                    Object {
                      "color": "#fff",
                      "fontSize": "12px",
                      "fontWeight": "bold",
                      "paddingLeft": "10px",
                      "textAlign": "center",
                    }
                  }
                >
                  ...
                </td>
              </tr>
              <tr>
                <td
                  style={
                    Object {
                      "padding": 0,
                    }
                  }
                >
                  <div
                    className="u4TabContent"
                  />
                </td>
              </tr>
            </tbody>
          </table>
        </div>
      </td>
      <td
        style={
          Object {
            "width": "200px",
          }
        }
      >
        <div
          className="u5"
        >
          <table
            border="1"
            cellPadding="5"
            cellSpacing="0"
            style={
              Object {
                "border": "1px solid #345db5",
                "borderCollapse": "collapse",
                "width": "100%",
              }
            }
          >
            <tbody>
              <tr
                style={
                  Object {
                    "backgroundColor": "#345db5",
                  }
                }
              >
                <td
                  style={
                    Object {
                      "color": "#fff",
                      "fontSize": "12px",
                      "fontWeight": "bold",
                      "paddingLeft": "10px",
                    }
                  }
                >
                  Menu
                </td>
              </tr>
              <tr>
                <td
                  style={
                    Object {
                      "padding": 0,
                    }
                  }
                >
                  <div
                    className="u5TabContent"
                  >
                    <ul
                      style={
                        Object {
                          "listStyle": "none",
                          "margin": "0px",
                          "padding": "0px",
                          "width": "100%",
                        }
                      }
                    />
                  </div>
                </td>
              </tr>
            </tbody>
          </table>
        </div>
      </td>
    </tr>
  </tbody>
</table>
`;
