// Jest Snapshot v1, https://goo.gl/fbAQLP

exports[`Component: VisitCard should match its empty snapshot 1`] = `
<div>
  
  <div />
</div>
`;
